fat/appsleepd:
Contents of (__TEXT,__text) section
00000001000014c4	55 48 89 e5 53 50 48 c7 45 f0 00 00 00 00 48 8d 
00000001000014d4	3d 6f 09 00 00 48 8d 55 f0 be 01 00 00 00 e8 51 
00000001000014e4	07 00 00 85 c0 75 38 48 8d 3d 93 09 00 00 48 8d 
00000001000014f4	35 17 0d 00 00 e8 16 07 00 00 89 c1 85 c9 75 45 
0000000100001504	8b 3d 06 0d 00 00 be fa fa 00 00 e8 06 07 00 00 
0000000100001514	89 c1 85 c9 74 3f 48 8d 3d 95 09 00 00 eb 2d 48 
0000000100001524	8b 05 fe 0a 00 00 48 8b 38 48 8b 55 f0 48 8d 35 
0000000100001534	27 09 00 00 31 c0 e8 c3 06 00 00 bf 47 00 00 00 
0000000100001544	e8 b3 06 00 00 48 8d 3d 3f 09 00 00 31 c0 89 ce 
0000000100001554	e8 c7 06 00 00 48 8d 3d 25 09 00 00 e8 a9 06 00 
0000000100001564	00 e8 40 07 00 00 31 ff 31 f6 31 d2 e8 f9 06 00 
0000000100001574	00 48 89 05 9c 0c 00 00 31 ff 31 f6 e8 6b 06 00 
0000000100001584	00 48 8d 3d 42 09 00 00 ba 01 00 00 00 48 89 c6 
0000000100001594	e8 ab 06 00 00 48 89 c3 48 8d 35 0d 0c 00 00 48 
00000001000015a4	89 df e8 b7 06 00 00 48 89 df e8 a3 06 00 00 e8 
00000001000015b4	3e 06 00 00 55 48 89 e5 41 56 53 48 83 ec 30 49 
00000001000015c4	89 f6 4c 89 f7 e8 ca 06 00 00 4c 89 f7 48 3b 05 
00000001000015d4	70 0a 00 00 0f 85 aa 00 00 00 e8 6d 06 00 00 89 
00000001000015e4	c3 e8 1e 06 00 00 39 c3 0f 84 bf 00 00 00 4c 89 
00000001000015f4	f7 e8 50 06 00 00 85 c0 75 22 4c 89 f7 e8 4a 06 
0000000100001604	00 00 89 c1 48 8b 05 01 0a 00 00 8b 10 31 f6 31 
0000000100001614	c0 89 cf e8 16 06 00 00 85 c0 74 10 4c 89 f7 48 
0000000100001624	83 c4 30 5b 41 5e 5d e9 0e 06 00 00 48 8b 05 e1 
0000000100001634	09 00 00 48 89 45 c8 c7 45 d0 00 00 00 40 c7 45 
0000000100001644	d4 00 00 00 00 48 8d 05 63 00 00 00 48 89 45 d8 
0000000100001654	48 8d 05 75 0b 00 00 48 89 45 e0 4c 89 75 e8 48 
0000000100001664	8d 75 c8 4c 89 f7 e8 f3 05 00 00 4c 89 f7 e8 df 
0000000100001674	05 00 00 4c 89 f7 e8 25 06 00 00 48 83 c4 30 5b 
0000000100001684	41 5e 5d c3 e8 0b 06 00 00 48 3b 05 c4 09 00 00 
0000000100001694	75 1b 4c 3b 35 9b 09 00 00 75 02 0f 0b 4c 3b 35 
00000001000016a4	98 09 00 00 75 07 31 ff e8 4b 05 00 00 0f 0b 55 
00000001000016b4	48 89 e5 41 57 41 56 41 55 41 54 53 48 81 ec 68 
00000001000016c4	01 00 00 48 89 f3 49 89 fe 4c 8b 25 4c 09 00 00 
00000001000016d4	4d 8b 24 24 4c 89 65 d0 48 89 df e8 b4 05 00 00 
00000001000016e4	48 3b 05 65 09 00 00 0f 84 a8 00 00 00 48 89 df 
00000001000016f4	e8 9f 05 00 00 48 3b 05 58 09 00 00 0f 85 8e 04 
0000000100001704	00 00 48 3b 1d 2b 09 00 00 0f 85 66 04 00 00 4d 
0000000100001714	8b 76 20 4c 89 f7 e8 31 05 00 00 89 c3 4c 8d 05 
0000000100001724	cb 07 00 00 4c 8d bd 20 ff ff ff be 64 00 00 00 
0000000100001734	ba 00 00 00 00 b9 64 00 00 00 31 c0 4c 89 ff 41 
0000000100001744	89 d9 e8 99 04 00 00 48 8d 3d ce 0a 00 00 e8 81 
0000000100001754	04 00 00 48 8b 3d ba 0a 00 00 4c 89 fe e8 1a 05 
0000000100001764	00 00 48 85 c0 74 1a 48 8b 3d a6 0a 00 00 48 8d 
0000000100001774	b5 20 ff ff ff 31 d2 e8 12 05 00 00 e8 31 05 00 
0000000100001784	00 48 8d 3d 94 0a 00 00 e8 4d 04 00 00 4c 89 f7 
0000000100001794	e9 2f 03 00 00 4d 8b 7e 20 4c 89 ff e8 ab 04 00 
00000001000017a4	00 41 89 c5 48 8d 35 3c 07 00 00 48 89 df e8 c3 
00000001000017b4	04 00 00 84 c0 0f 84 b7 01 00 00 48 89 df e8 ad 
00000001000017c4	04 00 00 48 85 c0 0f 84 fd 02 00 00 48 89 85 80 
00000001000017d4	fe ff ff 4c 89 bd 78 fe ff ff 45 31 e4 31 ff 31 
00000001000017e4	f6 31 d2 e8 82 04 00 00 49 89 c6 48 8d 35 00 07 
00000001000017f4	00 00 48 89 df e8 82 04 00 00 48 85 c0 74 12 48 
0000000100001804	8d 35 ec 06 00 00 4c 89 f7 48 89 c2 e8 7d 04 00 
0000000100001814	00 4c 8d 05 d7 06 00 00 48 8d 9d b0 fe ff ff be 
0000000100001824	64 00 00 00 ba 00 00 00 00 b9 64 00 00 00 31 c0 
0000000100001834	48 89 df 45 89 e9 e8 a5 03 00 00 4c 8d 3d da 09 
0000000100001844	00 00 4c 89 ff e8 8a 03 00 00 48 8b 3d c3 09 00 
0000000100001854	00 48 89 de 4c 89 f2 e8 32 04 00 00 4c 89 ff e8 
0000000100001864	76 03 00 00 e8 43 04 00 00 4c 89 f7 e8 29 04 00 
0000000100001874	00 0f 57 c0 0f 29 45 c0 0f 29 45 b0 0f 29 45 a0 
0000000100001884	0f 29 45 90 48 8d 4d 90 be 0d 00 00 00 31 d2 41 
0000000100001894	b8 40 00 00 00 44 89 ef e8 85 03 00 00 83 f8 40 
00000001000018a4	44 0f 44 65 94 44 89 ef e8 7b 03 00 00 41 89 c6 
00000001000018b4	45 39 ee 0f 84 d0 01 00 00 45 39 ec 0f 84 c7 01 
00000001000018c4	00 00 4c 8d 05 26 06 00 00 48 8d 9d 20 ff ff ff 
00000001000018d4	be 64 00 00 00 ba 00 00 00 00 b9 64 00 00 00 31 
00000001000018e4	c0 48 89 df 45 89 e1 e8 f4 02 00 00 48 8d 3d 29 
00000001000018f4	09 00 00 e8 dc 02 00 00 48 8b 3d 15 09 00 00 48 
0000000100001904	89 de e8 75 03 00 00 48 89 c3 48 85 db 0f 84 65 
0000000100001914	01 00 00 48 89 df e8 85 03 00 00 48 8d 3d fa 08 
0000000100001924	00 00 e8 b3 02 00 00 4c 8b 25 ee 06 00 00 4d 8b 
0000000100001934	24 24 4c 8b b5 78 fe ff ff 48 8d 35 b2 05 00 00 
0000000100001944	48 89 df e8 34 03 00 00 48 85 c0 74 16 48 8d 35 
0000000100001954	a7 05 00 00 48 8b bd 80 fe ff ff 48 89 c2 e8 2b 
0000000100001964	03 00 00 48 89 df e8 2f 03 00 00 b0 01 e9 2b 01 
0000000100001974	00 00 48 8d 35 a1 05 00 00 48 89 df e8 f5 02 00 
0000000100001984	00 41 88 c6 48 89 df e8 e4 02 00 00 48 89 c3 45 
0000000100001994	84 f6 0f 84 a8 00 00 00 48 85 db 0f 84 28 01 00 
00000001000019a4	00 31 ff 31 f6 31 d2 e8 be 02 00 00 49 89 c6 4d 
00000001000019b4	89 fd 4c 8d 3d 63 08 00 00 4c 89 ff e8 13 02 00 
00000001000019c4	00 48 8b 3d 4c 08 00 00 48 8b 05 45 06 00 00 48 
00000001000019d4	89 85 88 fe ff ff c7 85 90 fe ff ff 00 00 00 40 
00000001000019e4	c7 85 94 fe ff ff 00 00 00 00 48 8d 05 a1 01 00 
00000001000019f4	00 48 89 85 98 fe ff ff 48 8d 05 ed 07 00 00 48 
0000000100001a04	89 85 a0 fe ff ff 4c 89 b5 a8 fe ff ff 48 8d b5 
0000000100001a14	88 fe ff ff e8 4b 02 00 00 4c 89 ff e8 b9 01 00 
0000000100001a24	00 48 8d 35 0e 05 00 00 48 89 df 4c 89 f2 e8 5b 
0000000100001a34	02 00 00 4c 89 f7 e8 5f 02 00 00 4c 89 ef eb 79 
0000000100001a44	48 85 db 0f 84 80 00 00 00 48 8d 35 ec 04 00 00 
0000000100001a54	ba 01 00 00 00 48 89 df e8 25 02 00 00 48 8d 35 
0000000100001a64	de 04 00 00 48 8d 15 e9 04 00 00 48 89 df e8 15 
0000000100001a74	02 00 00 4c 89 ff eb 41 48 8d 3d 9d 07 00 00 e8 
0000000100001a84	56 01 00 00 45 39 f4 75 5c 31 c0 4c 8b 25 8a 05 
0000000100001a94	00 00 4d 8b 24 24 4c 8b b5 78 fe ff ff 0f b6 d0 
0000000100001aa4	48 8d 35 69 04 00 00 48 8b 9d 80 fe ff ff 48 89 
0000000100001ab4	df e8 cc 01 00 00 4c 89 f7 48 89 de e8 97 01 00 
0000000100001ac4	00 48 89 df e8 d1 01 00 00 4c 3b 65 d0 0f 85 9d 
0000000100001ad4	00 00 00 48 81 c4 68 01 00 00 5b 41 5c 41 5d 41 
0000000100001ae4	5e 41 5f 5d c3 4c 8d 05 03 04 00 00 48 8d 9d 20 
0000000100001af4	ff ff ff be 64 00 00 00 ba 00 00 00 00 b9 64 00 
0000000100001b04	00 00 31 c0 48 89 df 45 89 f1 e8 d1 00 00 00 48 
0000000100001b14	8d 3d 06 07 00 00 e8 b9 00 00 00 48 8b 3d f2 06 
0000000100001b24	00 00 48 89 de e8 52 01 00 00 48 89 c3 48 85 db 
0000000100001b34	4c 8b 25 e5 04 00 00 4d 8b 24 24 4c 8b b5 78 fe 
0000000100001b44	ff ff 74 19 48 89 df e8 54 01 00 00 48 8d 3d c9 
0000000100001b54	06 00 00 e8 82 00 00 00 e9 dc fd ff ff 48 8d 3d 
0000000100001b64	b8 06 00 00 e8 71 00 00 00 31 c0 e9 2d ff ff ff 
0000000100001b74	e8 71 00 00 00 48 3b 1d b0 04 00 00 75 02 0f 0b 
0000000100001b84	48 3b 1d b5 04 00 00 75 07 31 ff e8 68 00 00 00 
0000000100001b94	0f 0b 55 48 89 e5 41 57 41 56 53 50 49 89 f6 49 
0000000100001ba4	89 ff 31 ff 31 f6 31 d2 e8 bd 00 00 00 48 89 c3 
0000000100001bb4	49 8b 7f 20 4c 89 f6 48 89 da e8 cf 00 00 00 48 
0000000100001bc4	89 df e8 d3 00 00 00 b0 01 48 83 c4 08 5b 41 5e 
0000000100001bd4	41 5f 5d c3 
